// Jest Snapshot v1, https://goo.gl/fbAQLP

exports[`<App /> should match its reference snapshot 1`] = `
<Provider
  store={
    Object {
      "dispatch": [Function],
      "getState": [Function],
      "replaceReducer": [Function],
      "subscribe": [Function],
      Symbol(observable): [Function],
    }
  }
>
  <LoadNamespace(layout)>
    <HashRouter>
      <Switch>
        <Route
          component={[Function]}
          exact={true}
          name="Login Page"
          path="/login"
        />
        <Route
          component={[Function]}
          exact={true}
          name="Register Page"
          path="/register"
        />
        <Route
          component={[Function]}
          exact={true}
          name="Page 404"
          path="/404"
        />
        <Route
          component={[Function]}
          exact={true}
          name="Page 500"
          path="/500"
        />
        <Route
          component={[Function]}
          name="HomePage"
          path="/"
        />
      </Switch>
    </HashRouter>
  </LoadNamespace(layout)>
</Provider>
`;

exports[`<App /> should render correctly in "debug" mode 1`] = `
<Provider
  store={
    Object {
      "dispatch": [Function],
      "getState": [Function],
      "replaceReducer": [Function],
      "subscribe": [Function],
      Symbol(observable): [Function],
    }
  }
>
  <LoadNamespace(layout)>
    <HashRouter>
      <Switch>
        <Route
          component={[Function]}
          exact={true}
          name="Login Page"
          path="/login"
        />
        <Route
          component={[Function]}
          exact={true}
          name="Register Page"
          path="/register"
        />
        <Route
          component={[Function]}
          exact={true}
          name="Page 404"
          path="/404"
        />
        <Route
          component={[Function]}
          exact={true}
          name="Page 500"
          path="/500"
        />
        <Route
          component={[Function]}
          name="HomePage"
          path="/"
        />
      </Switch>
    </HashRouter>
  </LoadNamespace(layout)>
</Provider>
`;
